current directory: /rails/vendor/bundle/ruby/3.3.0/gems/psych-5.3.1/ext/psych
/usr/local/bin/ruby extconf.rb
checking for pkg-config for yaml-0.1... [" ", "", "-lyaml"]
creating Makefile

current directory: /rails/vendor/bundle/ruby/3.3.0/gems/psych-5.3.1/ext/psych
make DESTDIR\= sitearchdir\=./.gem.20260601-7-qg7r6i sitelibdir\=./.gem.20260601-7-qg7r6i clean
cd libyaml && make clean
/bin/sh: 1: cd: can't cd to libyaml
make: [Makefile:283: clean-so] Error 2 (ignored)

current directory: /rails/vendor/bundle/ruby/3.3.0/gems/psych-5.3.1/ext/psych
make DESTDIR\= sitearchdir\=./.gem.20260601-7-qg7r6i sitelibdir\=./.gem.20260601-7-qg7r6i
compiling psych.c
compiling psych_emitter.c
compiling psych_parser.c
compiling psych_to_ruby.c
compiling psych_yaml_tree.c
linking shared-object psych.so

current directory: /rails/vendor/bundle/ruby/3.3.0/gems/psych-5.3.1/ext/psych
make DESTDIR\= sitearchdir\=./.gem.20260601-7-qg7r6i sitelibdir\=./.gem.20260601-7-qg7r6i install
/usr/bin/install -c -m 0755 psych.so ./.gem.20260601-7-qg7r6i

current directory: /rails/vendor/bundle/ruby/3.3.0/gems/psych-5.3.1/ext/psych
make DESTDIR\= sitearchdir\=./.gem.20260601-7-qg7r6i sitelibdir\=./.gem.20260601-7-qg7r6i clean
cd libyaml && make clean
/bin/sh: 1: cd: can't cd to libyaml
make: [Makefile:283: clean-so] Error 2 (ignored)
